// Jest Snapshot v1, https://goo.gl/fbAQLP

exports[`NavigationBar component it matches the snapshot 1`] = `
<header
  className="MuiPaper-root-10 MuiPaper-elevation4-16 MuiAppBar-root-1 MuiAppBar-positionStatic-5 MuiAppBar-colorPrimary-8"
>
  <div
    className="MuiToolbar-root-37 MuiToolbar-regular-39 MuiToolbar-gutters-38"
  >
    <button
      aria-label="Menu"
      className="MuiButtonBase-root-47 MuiIconButton-root-41 MuiIconButton-colorInherit-42"
      disabled={false}
      onBlur={[Function]}
      onClick={[Function]}
      onContextMenu={[Function]}
      onFocus={[Function]}
      onKeyDown={[Function]}
      onKeyUp={[Function]}
      onMouseDown={[Function]}
      onMouseLeave={[Function]}
      onMouseUp={[Function]}
      onTouchEnd={[Function]}
      onTouchMove={[Function]}
      onTouchStart={[Function]}
      tabIndex="0"
      type="button"
    >
      <span
        className="MuiIconButton-label-46"
      >
        <svg
          aria-hidden="true"
          className="MuiSvgIcon-root-50"
          focusable="false"
          role="presentation"
          viewBox="0 0 24 24"
        >
          <path
            d="M0 0h24v24H0z"
            fill="none"
          />
          <path
            d="M3 18h18v-2H3v2zm0-5h18v-2H3v2zm0-7v2h18V6H3z"
          />
        </svg>
      </span>
      <span
        className="MuiTouchRipple-root-73"
      />
    </button>
  </div>
</header>
`;
